2026-09-03 12:01:14 [INFO] Application started successfully
2026-09-03 12:01:18 [INFO] Database connection established
2026-09-03 12:02:03 [INFO] User authentication request received
2026-09-03 12:02:04 [ERROR] Authentication failed for user_id=1042 - Invalid credentials
2026-09-03 12:03:17 [WARN] High memory usage detected: 82%
2026-09-03 12:04:21 [ERROR] Database query failed - Connection timeout after 30 seconds
2026-09-03 12:04:21 [ERROR] Failed to fetch user profile - user_id=2087
2026-09-03 12:05:45 [INFO] Retrying database connection (attempt 1/3)
2026-09-03 12:05:47 [INFO] Database connection restored
2026-09-03 12:07:12 [WARN] API response time exceeded threshold: 3.8s
2026-09-03 12:08:33 [ERROR] NullPointerException: Cannot read properties of undefined (reading 'email')
2026-09-03 12:08:33 [ERROR] Request failed: GET /api/users/4521 - HTTP 500
2026-09-03 12:10:02 [INFO] Cache service connected
2026-09-03 12:11:29 [WARN] Redis memory usage above threshold: 78%
2026-09-03 12:12:14 [ERROR] Redis connection lost - ECONNREFUSED 127.0.0.1:6379
2026-09-03 12:12:16 [ERROR] Cache operation failed: Unable to connect to Redis
2026-09-03 12:13:01 [INFO] Redis connection retry initiated
2026-09-03 12:13:04 [INFO] Redis connection established successfully
2026-09-03 12:15:22 [ERROR] Payment processing failed - transaction_id=TXN-982341
2026-09-03 12:15:22 [ERROR] Payment Gateway returned HTTP 502 Bad Gateway
2026-09-03 12:16:45 [WARN] Multiple failed login attempts detected for IP=192.168.1.45
2026-09-03 12:17:10 [ERROR] Rate limit exceeded for endpoint: POST /api/login
2026-09-03 12:18:31 [INFO] Background worker started
2026-09-03 12:19:44 [ERROR] Worker task failed - job_id=JOB-7721
2026-09-03 12:19:44 [ERROR] Error: Unable to process uploaded log file
2026-09-03 12:20:15 [WARN] Disk usage reached 91%
2026-09-03 12:21:03 [ERROR] File write failed: No space left on device
2026-09-03 12:22:18 [INFO] Cleanup process started
2026-09-03 12:23:42 [INFO] Temporary files removed successfully
2026-09-03 12:24:11 [INFO] Application health check passed
2026-09-03 12:25:37 [ERROR] Internal Server Error - POST /api/analyze
2026-09-03 12:25:37 [ERROR] Analysis pipeline terminated unexpectedly